EN detector NULL "D:/javid/Documentos/Octavo/vlsii/PROYECTO 2 PARCIAL/detector4bits-20210107T001808Z-001/Talller/detector.vhd" sub00/vhpl18 1611464005
AR inst_0101 behavioral "D:/javid/Documentos/Octavo/vlsii/PROYECTO 2 PARCIAL/detector4bits-20210107T001808Z-001/Talller/Inst_0101.vhd" sub00/vhpl03 1610656644
AR generador_1011 behavioral "D:/javid/Documentos/Octavo/vlsii/PROYECTO 2 PARCIAL/detector4bits-20210107T001808Z-001/Talller/generador_1011.vhd" sub00/vhpl13 1611464002
AR generador_0101 behavioral "D:/javid/Documentos/Octavo/vlsii/PROYECTO 2 PARCIAL/detector4bits-20210107T001808Z-001/Talller/generador_0101.vhd" sub00/vhpl09 1611463996
EN alarma NULL "D:/javid/Documentos/Octavo/vlsii/PROYECTO 2 PARCIAL/detector4bits-20210107T001808Z-001/Talller/Alarma.vhd" sub00/vhpl16 1611464011
AR ffjk behavioral "D:/javid/Documentos/Octavo/vlsii/PROYECTO 2 PARCIAL/detector4bits-20210107T001808Z-001/Talller/ffjk.vhd" sub00/vhpl25 1611463994
EN generador4bits NULL "D:/javid/Documentos/Octavo/vlsii/PROYECTO 2 PARCIAL/detector4bits-20210107T001808Z-001/Talller/Taller.vhd" sub00/vhpl14 1611464003
EN temporizador NULL "D:/javid/Documentos/Octavo/vlsii/PROYECTO 2 PARCIAL/detector4bits-20210107T001808Z-001/Talller/temporizador.vhd" sub00/vhpl20 1611464009
EN generador_1001 NULL "D:/javid/Documentos/Octavo/vlsii/PROYECTO 2 PARCIAL/detector4bits-20210107T001808Z-001/Talller/generador_1001.vhd" sub00/vhpl10 1611463999
AR alarma behavioral "D:/javid/Documentos/Octavo/vlsii/PROYECTO 2 PARCIAL/detector4bits-20210107T001808Z-001/Talller/Alarma.vhd" sub00/vhpl17 1611464012
EN inst_0101 NULL "D:/javid/Documentos/Octavo/vlsii/PROYECTO 2 PARCIAL/detector4bits-20210107T001808Z-001/Talller/Inst_0101.vhd" sub00/vhpl02 1610656643
EN generador_1011 NULL "D:/javid/Documentos/Octavo/vlsii/PROYECTO 2 PARCIAL/detector4bits-20210107T001808Z-001/Talller/generador_1011.vhd" sub00/vhpl12 1611464001
EN taller NULL "D:/javid/Documentos/Octavo/vlsii/PROYECTO 2 PARCIAL/detector4bits-20210107T001808Z-001/Talller/Taller.vhd" sub00/vhpl00 1611177051
AR detector behavioral "D:/javid/Documentos/Octavo/vlsii/PROYECTO 2 PARCIAL/detector4bits-20210107T001808Z-001/Talller/detector.vhd" sub00/vhpl19 1611464006
AR generador4bits behavioral "D:/javid/Documentos/Octavo/vlsii/PROYECTO 2 PARCIAL/detector4bits-20210107T001808Z-001/Talller/Taller.vhd" sub00/vhpl15 1611464004
EN ffjk NULL "D:/javid/Documentos/Octavo/vlsii/PROYECTO 2 PARCIAL/detector4bits-20210107T001808Z-001/Talller/ffjk.vhd" sub00/vhpl24 1611463993
AR ff_jk behavioral "D:/javid/Documentos/Octavo/vlsii/PROYECTO 2 PARCIAL/detector4bits-20210107T001808Z-001/Talller/ff_jk.vhd" sub00/vhpl05 1611463992
EN generador_0011 NULL "D:/javid/Documentos/Octavo/vlsii/PROYECTO 2 PARCIAL/detector4bits-20210107T001808Z-001/Talller/generador_0011.vhd" sub00/vhpl06 1611463997
AR taller behavioral "D:/javid/Documentos/Octavo/vlsii/PROYECTO 2 PARCIAL/detector4bits-20210107T001808Z-001/Talller/Taller.vhd" sub00/vhpl01 1611177052
EN contador NULL "D:/javid/Documentos/Octavo/vlsii/PROYECTO 2 PARCIAL/detector4bits-20210107T001808Z-001/Talller/contador.vhd" sub00/vhpl22 1611464007
AR generador_1001 behavioral "D:/javid/Documentos/Octavo/vlsii/PROYECTO 2 PARCIAL/detector4bits-20210107T001808Z-001/Talller/generador_1001.vhd" sub00/vhpl11 1611464000
EN generador_0101 NULL "D:/javid/Documentos/Octavo/vlsii/PROYECTO 2 PARCIAL/detector4bits-20210107T001808Z-001/Talller/generador_0101.vhd" sub00/vhpl08 1611463995
AR generador_0011 behavioral "D:/javid/Documentos/Octavo/vlsii/PROYECTO 2 PARCIAL/detector4bits-20210107T001808Z-001/Talller/generador_0011.vhd" sub00/vhpl07 1611463998
AR temporizador behavioral "D:/javid/Documentos/Octavo/vlsii/PROYECTO 2 PARCIAL/detector4bits-20210107T001808Z-001/Talller/temporizador.vhd" sub00/vhpl21 1611464010
EN ff_jk NULL "D:/javid/Documentos/Octavo/vlsii/PROYECTO 2 PARCIAL/detector4bits-20210107T001808Z-001/Talller/ff_jk.vhd" sub00/vhpl04 1611463991
AR contador behavioral "D:/javid/Documentos/Octavo/vlsii/PROYECTO 2 PARCIAL/detector4bits-20210107T001808Z-001/Talller/contador.vhd" sub00/vhpl23 1611464008
